// Jest Snapshot v1, https://goo.gl/fbAQLP

exports[`in dev stage, removes filtering or ordering entirely if no arg or wrong args are passed and log error: output 1`] = `""`;

exports[`in dev stage, removes filtering or ordering entirely if no arg or wrong args are passed and log error: schema 1`] = `
"type Query {
  users(skip: Int, after: UserWhereUniqueInput, before: UserWhereUniqueInput, first: Int, last: Int): [User!]!
}

type User {
  id: Int!
  name: String!
}

input UserWhereUniqueInput {
  id: Int
}
"
`;

exports[`in dev stage, removes filtering or ordering entirely if no arg or wrong args are passed and log error: typegen 1`] = `
"
interface ModelTypes {
  User: prisma.User
}
  
interface NexusPrismaInputs {
  Query: {
    users: {
  filtering: 'id' | 'name' | 'AND' | 'OR' | 'NOT'
  ordering: 'id' | 'name'
}

  },
    User: {


  }
}

interface NexusPrismaTypes {
  Query: {
    user: 'User'
    users: 'User'

  },
  Mutation: {
    createOneUser: 'User'
    updateOneUser: 'User'
    updateManyUser: 'BatchPayload'
    deleteOneUser: 'User'
    deleteManyUser: 'BatchPayload'
    upsertOneUser: 'User'

  },
  User: {
    id: 'Int'
    name: 'String'

}
}

interface NexusPrismaMethods {
  User: NexusPrismaFields<'User'>
  Query: NexusPrismaFields<'Query'>
  Mutation: NexusPrismaFields<'Mutation'>
}
  

declare global {
  type NexusPrisma<
    TypeName extends string,
    ModelOrCrud extends 'model' | 'crud'
  > = GetNexusPrisma<TypeName, ModelOrCrud>;
}
  "
`;

exports[`in prod stage, throw error if no arg or wrong args are passed: schema 1`] = `
"type Query {
  users(skip: Int, after: UserWhereUniqueInput, before: UserWhereUniqueInput, first: Int, last: Int): [User!]!
}

type User {
  id: Int!
  name: String!
}

input UserWhereUniqueInput {
  id: Int
}
"
`;

exports[`in prod stage, throw error if no arg or wrong args are passed: typegen 1`] = `
"
interface ModelTypes {
  User: prisma.User
}
  
interface NexusPrismaInputs {
  Query: {
    users: {
  filtering: 'id' | 'name' | 'AND' | 'OR' | 'NOT'
  ordering: 'id' | 'name'
}

  },
    User: {


  }
}

interface NexusPrismaTypes {
  Query: {
    user: 'User'
    users: 'User'

  },
  Mutation: {
    createOneUser: 'User'
    updateOneUser: 'User'
    updateManyUser: 'BatchPayload'
    deleteOneUser: 'User'
    deleteManyUser: 'BatchPayload'
    upsertOneUser: 'User'

  },
  User: {
    id: 'Int'
    name: 'String'

}
}

interface NexusPrismaMethods {
  User: NexusPrismaFields<'User'>
  Query: NexusPrismaFields<'Query'>
  Mutation: NexusPrismaFields<'Mutation'>
}
  

declare global {
  type NexusPrisma<
    TypeName extends string,
    ModelOrCrud extends 'model' | 'crud'
  > = GetNexusPrisma<TypeName, ModelOrCrud>;
}
  "
`;
