// Jest Snapshot v1, https://goo.gl/fbAQLP

exports[`upfilteredKeys generates new types without upfilteredKeys: upfilteredKeys 1`] = `
"type Mutation {
  createOneUser(data: UserCreateCreateOnlyInput!): User!
}

type Nested {
  id: Int!
  name: String!
}

input NestedCreateWithoutUserCreateOnlyInput {
  id: Int!
  name: String!
}

type Query {
  user(where: UserWhereUniqueInput!): User
}

type User {
  id: Int!
  name: String!
  nested(skip: Int, after: Int, before: Int, first: Int, last: Int): [Nested!]!
}

input UserCreateCreateOnlyInput {
  id: Int!
  name: String!
  nested: [NestedCreateWithoutUserCreateOnlyInput!]
}

input UserWhereUniqueInput {
  id: Int
}
"
`;
