// Jest Snapshot v1, https://goo.gl/fbAQLP

exports[`upfilteredKeys generates new types without upfilteredKeys: upfilteredKeys 1`] = `
"type Mutation {
  createOneUser(data: UserCreateInput!): User!
}

type Nested {
  id: Int!
  name: String!
}

input NestedCreateManyWithoutUserInput {
  create: [NestedCreateWithoutUserInput!]
  connect: [NestedWhereUniqueInput!]
}

input NestedCreateWithoutUserInput {
  id: Int!
  name: String!
}

input NestedWhereUniqueInput {
  id: Int
}

type Query {
  user(where: UserWhereUniqueInput!): User
}

type User {
  id: Int!
  name: String!
  nested(skip: Int, after: Int, before: Int, first: Int, last: Int): [Nested!]!
}

input UserCreateInput {
  id: Int!
  name: String!
  nested: NestedCreateManyWithoutUserInput
}

input UserWhereUniqueInput {
  id: Int
}
"
`;
