// Jest Snapshot v1, https://goo.gl/fbAQLP

exports[`supports custom resolver for t.crud 1`] = `
{
  "users": [
    {
      "id": 1,
    },
    {
      "id": 2,
    },
  ],
}
`;

exports[`supports custom resolver for t.model 1`] = `
{
  "users": [
    {
      "name": "Foo (updated by middleware)",
    },
  ],
}
`;
