// Jest Snapshot v1, https://goo.gl/fbAQLP

exports[`create: converts nulls to undefined when fields are not nullable 1`] = `
{
  "data": {
    "id": undefined,
    "posts": {
      "connect": undefined,
      "create": {
        "id": "titi",
      },
    },
  },
}
`;

exports[`do not convert args that are arrays 1`] = `
{
  "where": {
    "OR": [
      {
        "something": true,
      },
      {
        "something": false,
      },
    ],
  },
}
`;

exports[`findMany: converts nulls to undefined when fields are not nullable 1`] = `
{
  "after": undefined,
  "before": undefined,
  "first": 1,
  "orderBy": {
    "birthDate": undefined,
    "email": undefined,
    "id": "asc",
  },
  "where": {
    "AND": undefined,
    "NOT": {
      "AND": {
        "birthDate": undefined,
      },
      "posts": undefined,
    },
  },
}
`;

exports[`model filtering: converts nulls to undefined when fields are not nullable 1`] = `
{
  "where": {
    "authors": {
      "every": {
        "birthDate": undefined,
        "email": null,
        "posts": undefined,
      },
    },
    "id": undefined,
  },
}
`;
