// Jest Snapshot v1, https://goo.gl/fbAQLP

exports[`forwards plugins to t.crud 1`] = `[Error: Unexpected error.: {"response":{"errors":[{"message":"Unexpected error.","locations":[{"line":2,"column":7}],"path":["users"]}],"data":null,"status":200,"headers":{}},"request":{"query":"{\\n      users {\\n        id\\n      }\\n    }"}}]`;

exports[`forwards plugins to t.model 1`] = `[Error: Unexpected error.: {"response":{"errors":[{"message":"Unexpected error.","locations":[{"line":3,"column":9}],"path":["users",0,"id"]}],"data":null,"status":200,"headers":{}},"request":{"query":"{\\n      users {\\n        id\\n      }\\n    }"}}]`;
